// Jest Snapshot v1, https://goo.gl/fbAQLP

exports[`should create a breadcrumb whit categories should create component Breadcrumb 1`] = `
<div
  className="flex-categories"
  key="Ropa y Calzado"
>
  <p
    className="p-categories"
    onClick={[Function]}
  >
    Ropa y Calzado
  </p>
</div>
`;

exports[`should create a breadcrumb whit categories should not create a breadcrumb 1`] = `
<div
  className="flex-categories"
  key="Ropa y Calzado"
>
  <p
    className="p-categories"
    onClick={[Function]}
  >
    Ropa y Calzado
  </p>
  <FontAwesomeIcon
    border={false}
    className=""
    fixedWidth={false}
    flip={null}
    icon={
      Object {
        "icon": Array [
          320,
          512,
          Array [],
          "f054",
          "M285.476 272.971L91.132 467.314c-9.373 9.373-24.569 9.373-33.941 0l-22.667-22.667c-9.357-9.357-9.375-24.522-.04-33.901L188.505 256 34.484 101.255c-9.335-9.379-9.317-24.544.04-33.901l22.667-22.667c9.373-9.373 24.569-9.373 33.941 0L285.475 239.03c9.373 9.372 9.373 24.568.001 33.941z",
        ],
        "iconName": "chevron-right",
        "prefix": "fas",
      }
    }
    inverse={false}
    listItem={false}
    mask={null}
    pull={null}
    pulse={false}
    rotation={null}
    size={null}
    spin={false}
    style={
      Object {
        "alignSelf": "center",
        "color": "#999999",
        "float": "left",
        "fontSize": 19,
        "paddingLeft": 5,
        "paddingRigth": 5,
      }
    }
    swapOpacity={false}
    symbol={false}
    title=""
    transform={null}
  />
</div>
`;
